1.884: [GC 1.884: [ParNew: 62751K->29181K(98304K), 0.0546518 secs] 62751K->61954K(491520K), 0.0547895 secs] [Times: user=0.08 sys=0.03, real=0.06 secs] 
3.440: [GC 3.440: [ParNew: 93912K->29037K(98304K), 0.0992130 secs] 126685K->123733K(491520K), 0.0993070 secs] [Times: user=0.19 sys=0.01, real=0.10 secs] 
3.540: [GC [1 CMS-initial-mark: 94695K(393216K)] 127829K(491520K), 0.0396529 secs] [Times: user=0.05 sys=0.00, real=0.04 secs] 
3.580: [CMS-concurrent-mark-start]
3.613: [CMS-concurrent-mark: 0.033/0.033 secs] [Times: user=0.02 sys=0.02, real=0.03 secs] 
3.613: [CMS-concurrent-preclean-start]
3.614: [CMS-concurrent-preclean: 0.001/0.001 secs] [Times: user=0.00 sys=0.00, real=0.00 secs] 
3.614: [CMS-concurrent-abortable-preclean-start]
4.403: [CMS-concurrent-abortable-preclean: 0.095/0.789 secs] [Times: user=0.09 sys=0.00, real=0.79 secs] 
4.404: [GC[YG occupancy: 66341 K (98304 K)]4.404: [Rescan (parallel) , 0.0165220 secs]4.420: [weak refs processing, 0.0000098 secs]4.420: [scrub string table, 0.0000539 secs] [1 CMS-remark: 94695K(393216K)] 161037K(491520K), 0.0167546 secs] [Times: user=0.03 sys=0.00, real=0.02 secs] 
4.421: [CMS-concurrent-sweep-start]
4.421: [CMS-concurrent-sweep: 0.000/0.000 secs] [Times: user=0.00 sys=0.00, real=0.00 secs] 
4.421: [CMS-concurrent-reset-start]
4.423: [CMS-concurrent-reset: 0.002/0.002 secs] [Times: user=0.00 sys=0.00, real=0.00 secs] 
5.080: [GC 5.081: [ParNew: 90917K->28763K(98304K), 0.0808971 secs] 185613K->184900K(491520K), 0.0809997 secs] [Times: user=0.17 sys=0.00, real=0.08 secs] 
5.162: [GC [1 CMS-initial-mark: 156136K(393216K)] 188996K(491520K), 0.0390149 secs] [Times: user=0.05 sys=0.00, real=0.04 secs] 
5.201: [CMS-concurrent-mark-start]
5.245: [CMS-concurrent-mark: 0.044/0.044 secs] [Times: user=0.03 sys=0.00, real=0.04 secs] 
5.245: [CMS-concurrent-preclean-start]
5.246: [CMS-concurrent-preclean: 0.001/0.001 secs] [Times: user=0.02 sys=0.00, real=0.00 secs] 
5.246: [CMS-concurrent-abortable-preclean-start]
6.014: [CMS-concurrent-abortable-preclean: 0.071/0.768 secs] [Times: user=0.08 sys=0.00, real=0.77 secs] 
6.014: [GC[YG occupancy: 65917 K (98304 K)]6.014: [Rescan (parallel) , 0.0165507 secs]6.031: [weak refs processing, 0.0000103 secs]6.031: [scrub string table, 0.0000564 secs] [1 CMS-remark: 156136K(393216K)] 222053K(491520K), 0.0169308 secs] [Times: user=0.03 sys=0.00, real=0.02 secs] 
6.032: [CMS-concurrent-sweep-start]
6.032: [CMS-concurrent-sweep: 0.000/0.000 secs] [Times: user=0.00 sys=0.00, real=0.00 secs] 
6.032: [CMS-concurrent-reset-start]
6.035: [CMS-concurrent-reset: 0.002/0.002 secs] [Times: user=0.00 sys=0.00, real=0.00 secs] 
6.701: [GC 6.701: [ParNew: 90493K->28695K(98304K), 0.0731246 secs] 246630K->246273K(491520K), 0.0732007 secs] [Times: user=0.20 sys=0.00, real=0.07 secs] 
6.775: [GC [1 CMS-initial-mark: 217577K(393216K)] 250369K(491520K), 0.0431569 secs] [Times: user=0.03 sys=0.00, real=0.04 secs] 
6.818: [CMS-concurrent-mark-start]
6.887: [CMS-concurrent-mark: 0.068/0.068 secs] [Times: user=0.08 sys=0.00, real=0.07 secs] 
6.887: [CMS-concurrent-preclean-start]
6.888: [CMS-concurrent-preclean: 0.002/0.002 secs] [Times: user=0.00 sys=0.00, real=0.00 secs] 
6.888: [CMS-concurrent-abortable-preclean-start]
7.667: [CMS-concurrent-abortable-preclean: 0.082/0.779 secs] [Times: user=0.06 sys=0.00, real=0.78 secs] 
7.667: [GC[YG occupancy: 65749 K (98304 K)]7.667: [Rescan (parallel) , 0.0080337 secs]7.675: [weak refs processing, 0.0000060 secs]7.675: [scrub string table, 0.0000316 secs] [1 CMS-remark: 217577K(393216K)] 283327K(491520K), 0.0081723 secs] [Times: user=0.00 sys=0.00, real=0.01 secs] 
7.676: [CMS-concurrent-sweep-start]
7.676: [CMS-concurrent-sweep: 0.000/0.000 secs] [Times: user=0.00 sys=0.00, real=0.00 secs] 
7.676: [CMS-concurrent-reset-start]
7.678: [CMS-concurrent-reset: 0.002/0.002 secs] [Times: user=0.00 sys=0.00, real=0.00 secs] 
8.320: [GC 8.320: [ParNew: 90325K->28680K(98304K), 0.0666508 secs] 307903K->307699K(491520K), 0.0667137 secs] [Times: user=0.20 sys=0.01, real=0.07 secs] 
8.387: [GC [1 CMS-initial-mark: 279019K(393216K)] 311795K(491520K), 0.0389914 secs] [Times: user=0.03 sys=0.00, real=0.04 secs] 
8.427: [CMS-concurrent-mark-start]
8.504: [CMS-concurrent-mark: 0.078/0.078 secs] [Times: user=0.08 sys=0.00, real=0.08 secs] 
8.504: [CMS-concurrent-preclean-start]
8.505: [CMS-concurrent-preclean: 0.001/0.001 secs] [Times: user=0.00 sys=0.00, real=0.00 secs] 
8.505: [CMS-concurrent-abortable-preclean-start]
9.290: [CMS-concurrent-abortable-preclean: 0.088/0.785 secs] [Times: user=0.09 sys=0.00, real=0.78 secs] 
9.290: [GC[YG occupancy: 65669 K (98304 K)]9.290: [Rescan (parallel) , 0.0164985 secs]9.307: [weak refs processing, 0.0000094 secs]9.307: [scrub string table, 0.0000603 secs] [1 CMS-remark: 279019K(393216K)] 344688K(491520K), 0.0167465 secs] [Times: user=0.05 sys=0.00, real=0.02 secs] 
9.307: [CMS-concurrent-sweep-start]
9.308: [CMS-concurrent-sweep: 0.000/0.000 secs] [Times: user=0.00 sys=0.00, real=0.00 secs] 
9.308: [CMS-concurrent-reset-start]
9.310: [CMS-concurrent-reset: 0.003/0.003 secs] [Times: user=0.00 sys=0.00, real=0.00 secs] 
9.927: [GC 9.927: [ParNew: 90245K->28680K(98304K), 0.0817737 secs] 369264K->369140K(491520K), 0.0819007 secs] [Times: user=0.17 sys=0.08, real=0.08 secs] 
10.010: [GC [1 CMS-initial-mark: 340460K(393216K)] 373236K(491520K), 0.0392929 secs] [Times: user=0.03 sys=0.00, real=0.04 secs] 
10.049: [CMS-concurrent-mark-start]
10.136: [CMS-concurrent-mark: 0.087/0.087 secs] [Times: user=0.09 sys=0.00, real=0.09 secs] 
10.136: [CMS-concurrent-preclean-start]
10.137: [CMS-concurrent-preclean: 0.001/0.001 secs] [Times: user=0.00 sys=0.00, real=0.00 secs] 
10.137: [CMS-concurrent-abortable-preclean-start]
10.586: [CMS-concurrent-abortable-preclean: 0.051/0.449 secs] [Times: user=0.05 sys=0.00, real=0.45 secs] 
10.586: [GC[YG occupancy: 53338 K (98304 K)]10.586: [Rescan (parallel) , 0.0143779 secs]10.601: [weak refs processing, 0.0000060 secs]10.601: [scrub string table, 0.0000316 secs] [1 CMS-remark: 340460K(393216K)] 393798K(491520K), 0.0145242 secs] [Times: user=0.03 sys=0.00, real=0.01 secs] 
10.601: [CMS-concurrent-sweep-start]
10.601: [CMS-concurrent-sweep: 0.000/0.000 secs] [Times: user=0.00 sys=0.00, real=0.00 secs] 
10.601: [CMS-concurrent-reset-start]
10.603: [CMS-concurrent-reset: 0.002/0.002 secs] [Times: user=0.00 sys=0.00, real=0.00 secs] 
11.549: [GC 11.549: [ParNew: 90202K->90202K(98304K), 0.0000342 secs]11.549: [CMS: 340460K->389609K(393216K), 0.3092142 secs] 430662K->430570K(491520K), [CMS Perm : 1838K->1836K(65536K)], 0.3093485 secs] [Times: user=0.28 sys=0.02, real=0.31 secs] 
11.859: [GC [1 CMS-initial-mark: 389609K(393216K)] 434666K(491520K), 0.0537268 secs] [Times: user=0.06 sys=0.00, real=0.05 secs] 
11.913: [CMS-concurrent-mark-start]
12.009: [CMS-concurrent-mark: 0.096/0.096 secs] [Times: user=0.09 sys=0.00, real=0.10 secs] 
12.009: [CMS-concurrent-preclean-start]
12.098: [CMS-concurrent-preclean: 0.089/0.089 secs] [Times: user=0.09 sys=0.00, real=0.09 secs] 
12.098: [CMS-concurrent-abortable-preclean-start]
12.098: [CMS-concurrent-abortable-preclean: 0.000/0.000 secs] [Times: user=0.00 sys=0.00, real=0.00 secs] 
12.098: [GC[YG occupancy: 49207 K (98304 K)]12.098: [Rescan (parallel) , 0.0153384 secs]12.113: [weak refs processing, 0.0000056 secs]12.113: [scrub string table, 0.0000376 secs] [1 CMS-remark: 389609K(393216K)] 438816K(491520K), 0.0155291 secs] [Times: user=0.03 sys=0.00, real=0.02 secs] 
12.114: [CMS-concurrent-sweep-start]
12.114: [CMS-concurrent-sweep: 0.000/0.000 secs] [Times: user=0.00 sys=0.00, real=0.00 secs] 
12.114: [CMS-concurrent-reset-start]
12.116: [CMS-concurrent-reset: 0.002/0.002 secs] [Times: user=0.00 sys=0.00, real=0.00 secs] 
13.114: [GC 13.114: [ParNew: 90167K->90167K(98304K), 0.0000239 secs]13.115: [CMS: 389609K->389609K(393216K), 0.2563118 secs] 479776K->479723K(491520K), [CMS Perm : 1836K->1836K(65536K)], 0.2564422 secs] [Times: user=0.25 sys=0.00, real=0.26 secs] 
13.371: [Full GC 13.371: [CMS: 389609K->389592K(393216K), 0.2822633 secs] 479723K->479706K(491520K), [CMS Perm : 1836K->1836K(65536K)], 0.2823232 secs] [Times: user=0.28 sys=0.00, real=0.28 secs] 
13.656: [GC [1 CMS-initial-mark: 389592K(393216K)] 479706K(491520K), 0.1083833 secs] [Times: user=0.11 sys=0.00, real=0.11 secs] 
13.764: [CMS-concurrent-mark-start]
Heap
 par new generation   total 98304K, used 91460K [0x04b40000, 0x0cb40000, 0x0cb40000)
  eden space 65536K,  95% used [0x04b40000, 0x08891030, 0x08b40000)
  from space 32768K,  87% used [0x08b40000, 0x0a740070, 0x0ab40000)
  to   space 32768K,   0% used [0x0ab40000, 0x0ab40000, 0x0cb40000)
 concurrent mark-sweep generation total 393216K, used 389592K [0x0cb40000, 0x24b40000, 0x24b40000)
 concurrent-mark-sweep perm gen total 65536K, used 1857K [0x24b40000, 0x28b40000, 0x28b40000)
